// Jest Snapshot v1, https://goo.gl/fbAQLP

exports[`MailRelay Stack snapshot test 1`] = `
{
  "Parameters": {
    "BootstrapVersion": {
      "Default": "/cdk-bootstrap/hnb659fds/version",
      "Description": "Version of the CDK Bootstrap resources in this environment, automatically retrieved from SSM Parameter Store. [cdk:skip]",
      "Type": "AWS::SSM::Parameter::Value<String>",
    },
  },
  "Resources": {
    "DKIMRecordEC3F386B": {
      "Properties": {
        "HostedZoneId": {
          "Ref": "HostedZoneDB99F866",
        },
        "Name": "sig1._domainkey.test-domain.com.",
        "ResourceRecords": [
          "sig1.dkim.test-domain.com.at.icloudmailadmin.com",
        ],
        "TTL": "1800",
        "Type": "CNAME",
      },
      "Type": "AWS::Route53::RecordSet",
    },
    "HostedZoneDB99F866": {
      "Properties": {
        "Name": "test-domain.com.",
      },
      "Type": "AWS::Route53::HostedZone",
    },
    "MXRecord3FB0AC94": {
      "Properties": {
        "HostedZoneId": {
          "Ref": "HostedZoneDB99F866",
        },
        "Name": "test-domain.com.",
        "ResourceRecords": [
          "10 mx01.mail.icloud.com",
          "20 mx02.mail.icloud.com",
        ],
        "TTL": "1800",
        "Type": "MX",
      },
      "Type": "AWS::Route53::RecordSet",
    },
    "TXTRecordA3427B34": {
      "Properties": {
        "HostedZoneId": {
          "Ref": "HostedZoneDB99F866",
        },
        "Name": "test-domain.com.",
        "ResourceRecords": [
          ""apple-domain=Qc2qLE9vanUyATjL"",
          ""v=spf1 include:icloud.com ~all"",
        ],
        "TTL": "1800",
        "Type": "TXT",
      },
      "Type": "AWS::Route53::RecordSet",
    },
  },
  "Rules": {
    "CheckBootstrapVersion": {
      "Assertions": [
        {
          "Assert": {
            "Fn::Not": [
              {
                "Fn::Contains": [
                  [
                    "1",
                    "2",
                    "3",
                    "4",
                    "5",
                  ],
                  {
                    "Ref": "BootstrapVersion",
                  },
                ],
              },
            ],
          },
          "AssertDescription": "CDK bootstrap stack version 6 required. Please run 'cdk bootstrap' with a recent version of the CDK CLI.",
        },
      ],
    },
  },
}
`;
